-bash-3.2$ cat server.xml 
<?xml version='1.0' encoding='utf-8'?>
<!--
  Licensed to the Apache Software Foundation (ASF) under one or more
  contributor license agreements.  See the NOTICE file distributed with
  this work for additional information regarding copyright ownership.
  The ASF licenses this file to You under the Apache License, Version 2.0
  (the "License"); you may not use this file except in compliance with
  the License.  You may obtain a copy of the License at

      http://www.apache.org/licenses/LICENSE-2.0

  Unless required by applicable law or agreed to in writing, software
  distributed under the License is distributed on an "AS IS" BASIS,
  WITHOUT WARRANTIES OR CONDITIONS OF ANY KIND, either express or implied.
  See the License for the specific language governing permissions and
  limitations under the License.
-->
<!-- Note:  A "Server" is not itself a "Container", so you may not
     define subcomponents such as "Valves" at this level.
     Documentation at /docs/config/server.html
 -->
<Server port="9005" shutdown="SHUTDOWN">
  <!-- Security listener. Documentation at /docs/config/listeners.html
  <Listener className="org.apache.catalina.security.SecurityListener" />
  -->
  <!--APR library loader. Documentation at /docs/apr.html -->
  <Listener className="org.apache.catalina.core.AprLifecycleListener" SSLEngine="on" />
  <!--Initialize Jasper prior to webapps are loaded. Documentation at /docs/jasper-howto.html -->
  <Listener className="org.apache.catalina.core.JasperListener" />
  <!-- Prevent memory leaks due to use of particular java/javax APIs-->
  <Listener className="org.apache.catalina.core.JreMemoryLeakPreventionListener" />
  <Listener className="org.apache.catalina.mbeans.GlobalResourcesLifecycleListener" />
  <Listener className="org.apache.catalina.core.ThreadLocalLeakPreventionListener" />

  <!-- Global JNDI resources
       Documentation at /docs/jndi-resources-howto.html
  -->
  <GlobalNamingResources>
    <!-- Editable user database that can also be used by
         UserDatabaseRealm to authenticate users
    -->
    <Resource name="UserDatabase" auth="Container"
              type="org.apache.catalina.UserDatabase"
              description="User database that can be updated and saved"
              factory="org.apache.catalina.users.MemoryUserDatabaseFactory"
              pathname="conf/tomcat-users.xml" />
  </GlobalNamingResources>

  <!-- A "Service" is a collection of one or more "Connectors" that share
       a single "Container" Note:  A "Service" is not itself a "Container",
       so you may not define subcomponents such as "Valves" at this level.
       Documentation at /docs/config/service.html
   -->
  <Service name="Catalina">

    <!--The connectors can use a shared executor, you can define one or more named thread pools-->
    <!--
    <Executor name="tomcatThreadPool" namePrefix="catalina-exec-"
        maxThreads="150" minSpareThreads="4"/>
    -->


    <!-- A "Connector" represents an endpoint by which requests are received
         and responses are returned. Documentation at :
         Java HTTP Connector: /docs/config/http.html (blocking & non-blocking)
         Java AJP  Connector: /docs/config/ajp.html
         APR (HTTP/AJP) Connector: /docs/apr.html
         Define a non-SSL HTTP/1.1 Connector on port 8080
    -->
    <Connector port="9080" protocol="HTTP/1.1"
               connectionTimeout="1500"
               maxKeepAliveRequests="1" 
               maxThreads="1000" minSpareThreads="25"
               enableLookups="false" acceptCount="50"
               maxHttpHeaderSize="8192"
               redirectPort="9443" />
    <!-- A "Connector" using the shared thread pool-->
    <!--
    <Connector executor="tomcatThreadPool"
               port="8080" protocol="HTTP/1.1"
               connectionTimeout="20000"
               redirectPort="8443" />
    -->
    <!-- Define a SSL HTTP/1.1 Connector on port 8443
         This connector uses the JSSE configuration, when using APR, the
         connector should be using the OpenSSL style configuration
         described in the APR documentation -->
    <!--
    <Connector port="8443" protocol="HTTP/1.1" SSLEnabled="true"
               maxThreads="150" scheme="https" secure="true"
               clientAuth="false" sslProtocol="TLS" />
    -->

    <!-- Define an AJP 1.3 Connector on port 8009 -->
    <Connector port="9009" protocol="AJP/1.3" redirectPort="9443" />


    <!-- An Engine represents the entry point (within Catalina) that processes
         every request.  The Engine implementation for Tomcat stand alone
         analyzes the HTTP headers included with the request, and passes them
         on to the appropriate Host (virtual host).
         Documentation at /docs/config/engine.html -->

    <!-- You should set jvmRoute to support load-balancing via AJP ie :
    <Engine name="Catalina" defaultHost="localhost" jvmRoute="jvm1">
    -->
    <Engine name="Catalina" defaultHost="localhost">

      <!--For clustering, please take a look at documentation at:
          /docs/cluster-howto.html  (simple how to)
          /docs/config/cluster.html (reference documentation) -->
      <!--
      <Cluster className="org.apache.catalina.ha.tcp.SimpleTcpCluster"/>
      -->

      <!-- Use the LockOutRealm to prevent attempts to guess user passwords
           via a brute-force attack -->
      <Realm className="org.apache.catalina.realm.LockOutRealm">
        <!-- This Realm uses the UserDatabase configured in the global JNDI
             resources under the key "UserDatabase".  Any edits
             that are performed against this UserDatabase are immediately
             available for use by the Realm.  -->
        <Realm className="org.apache.catalina.realm.UserDatabaseRealm"
               resourceName="UserDatabase"/>
      </Realm>

<!--
      <Host name="localhost"  appBase="webapps"
            unpackWARs="true" autoDeploy="true">
-->
      <Host name="localhost"  appBase="/svc/wepg/was/app"
            unpackWARs="true" autoDeploy="true">

        <!-- SingleSignOn valve, share authentication between web applications
             Documentation at: /docs/config/valve.html -->
        <!--
        <Valve className="org.apache.catalina.authenticator.SingleSignOn" />
        -->

        <!-- Access log processes all example.
             Documentation at: /docs/config/valve.html
             Note: The pattern used is equivalent to using pattern="common" -->
        <!-- <Valve className="org.apache.catalina.valves.AccessLogValve" directory="/svc/wepg/was/accesslogs/"
               prefix="${wepg.system.name}_access." suffix=".log"
               pattern="%a %b %t %s %D %r" /> -->

        <Valve className="org.apache.catalina.valves.AccessLogValve" directory="/svc/wepg/was/accesslogs/"
               prefix="${wepg.system.name}_access." suffix=".log"
               pattern="%t %h %l %u %r %b %s %D %{Referer}i %{User-agent}i" />
      </Host>
    </Engine>
  </Service>
</Server>
-bash-3.2$ 

-bash-3.2$ ps -ef | grep nginx
svc       3107  2902  0 23:08 pts/4    00:00:00 grep nginx
-bash-3.2$ ps -ef | grep tomcat
svc       2249     1  8 22:54 ?        00:01:16 /svc/java/bin/java -Djava.util.logging.config.file=/svc/wepg/was/tomcat-7.0.34/conf/logging.properties -javaagent:/svc/tuna/agent/tuna.agent.jar -Dtuna.name=nsepg-wepg1 -Dtuna.type=tomcat -Dtuna.config=/svc/tuna/agent/tuna.conf -Djava.util.logging.manager=org.apache.juli.ClassLoaderLogManager -Djava.awt.headless=true -server -Xms3072m -Xmx3072m -Dwepg.system.name=VM-NSEPG-1-01 -verbose:gc -Xloggc:/svc/wepg/was/tomcat-7.0.34/logs/gclog/nspeg_gc_20171206225430.log -XX:+PrintGCDetails -XX:+PrintGCTimeStamps -XX:+HeapDumpOnOutOfMemoryError -XX:HeapDumpPath=/svc/wepg/was/tomcat-7.0.34/logs/heapdump -Djava.endorsed.dirs=/svc/wepg/was/tomcat-7.0.34/endorsed -classpath /svc/wepg/was/tomcat-7.0.34/bin/bootstrap.jar:/svc/wepg/was/tomcat-7.0.34/bin/tomcat-juli.jar -Dcatalina.base=/svc/wepg/was/tomcat-7.0.34 -Dcatalina.home=/svc/wepg/was/tomcat-7.0.34 -Djava.io.tmpdir=/svc/wepg/was/tomcat-7.0.34/temp org.apache.catalina.startup.Bootstrap start
svc       3109  2902  0 23:08 pts/4    00:00:00 grep tomcat
svc      25917     1  1 Jun23 ?        2-12:28:40 /svc/java/bin/java -Djava.util.logging.config.file=/svc/nsepg/was/tomcat-7.0.27/conf/logging.properties -javaagent:/svc/tuna/agent/tuna.agent.jar -Dtuna.name=nsepg-nsepg1 -Dtuna.type=tomcat -Dtuna.config=/svc/tuna/agent/tuna.conf -Djava.util.logging.manager=org.apache.juli.ClassLoaderLogManager -Djava.awt.headless=true -server -Xms2048m -Xmx2048m -Dnsepg.system.name=VM-NSEPG-1-01 -verbose:gc -Xloggc:/svc/nsepg/was/tomcat-7.0.27/logs/gclog/nsepg-nsepg_gc_20170623031738.log -XX:+PrintGCDetails -XX:+PrintGCTimeStamps -XX:+HeapDumpOnOutOfMemoryError -XX:HeapDumpPath=/svc/nsepg/was/tomcat-7.0.27/logs/heapdump -Djava.endorsed.dirs=/svc/nsepg/was/tomcat-7.0.27/endorsed -classpath /svc/nsepg/was/tomcat-7.0.27/bin/bootstrap.jar:/svc/nsepg/was/tomcat-7.0.27/bin/tomcat-juli.jar -Dcatalina.base=/svc/nsepg/was/tomcat-7.0.27 -Dcatalina.home=/svc/nsepg/was/tomcat-7.0.27 -Djava.io.tmpdir=/svc/nsepg/was/tomcat-7.0.27/temp org.apache.catalina.startup.Bootstrap start
-bash-3.2$ 

-bash-3.2$ df -h
Filesystem            Size  Used Avail Use% Mounted on
/dev/sda4              70G   37G   30G  56% /
/dev/sda2              20G  305M   19G   2% /var
/dev/sda1             190M   12M  169M   7% /boot
tmpfs                 3.9G     0  3.9G   0% /dev/shm
-bash-3.2$ 


[svc@VM-NSEPG-MG-1 ~]$ alias
alias goaccess='cd /svc/epg-mg/was/accesslogs'
alias goapp='cd /svc/epg-mg/was/app'
alias gocatalina='cd /svc/epg-mg/was/tomcat-7.0.27/logs'
alias goconfig='cd /svc/epg-mg/was/config-wepg'
alias gotomcat='cd /svc/epg-mg/was/tomcat-7.0.27'
alias l.='ls -d .* --color=tty'
alias ll='ls -l --color=tty'
alias ls='ls --color=tty'
alias redis_start='/svc/redis/redis-2.8.23/src/redis-server /svc/redis/redis-2.8.23/redis.conf &'
alias redis_stop='/svc/redis/redis-2.8.23/src/redis-cli shutdown'
alias vi='vim'
alias which='alias | /usr/bin/which --tty-only --read-alias --show-dot --show-tilde'


# .bash_profile

# Get the aliases and functions
#if [ -f ~/.bashrc ]; then
#       . ~/.bashrc
#fi
if [ -f /etc/bashrc ]; then
        . /etc/bashrc
fi

# User specific environment and startup programs

export JAVA_HOME=/svc/java
export CATALINA_HOME=/svc/nsepg/was/tomcat-7.0.27

PATH=$PATH:$HOME/bin:$JAVA_HOME/bin:$CATALINA_HOME/bin

export PATH

alias goaccess='cd /svc/wepg/was/accesslogs'
alias goapp='cd /svc/wepg/was/app'
alias goconfig='cd /svc/wepg/was/config'
alias gotomcat='cd /svc/wepg/was/tomcat-7.0.34'
alias gocatalina='cd /svc/wepg/was/tomcat-7.0.34/logs'
~                                                                   
